<?xml version="1.0" ?>
<testsuite errors="0" hostname="Rimmer" failures="1" timestamp="2018-12-07T03:10:28" tests="1" time="0" name="vhdl-style-guide">
  <properties>
  </properties>
  <testcase name="tests/vsg/config_error.json" time="0">
    <failure type="Failure">
      Invalid JSON format.  Review configuration for errors.
    </failure>
  </testcase>
  <system-out>
  </system-out>
  <system-err>
  </system-err>
</testsuite>
